[2m15:10:10[22m [31m[1m[vite][22m[39m [31m[2m(client)[22m[39m Pre-transform error: Transform failed with 5 errors:
F:/Synapse QA/frontend/src/pages/SystemPage.js:263:9: ERROR: The symbol "Check" has already been declared
F:/Synapse QA/frontend/src/pages/SystemPage.js:263:16: ERROR: The symbol "Code2" has already been declared
F:/Synapse QA/frontend/src/pages/SystemPage.js:263:23: ERROR: The symbol "LayoutTemplate" has already been declared
F:/Synapse QA/frontend/src/pages/SystemPage.js:263:39: ERROR: The symbol "Type" has already been declared
F:/Synapse QA/frontend/src/pages/SystemPage.js:264:9: ERROR: The symbol "useState" has already been declared
  Plugin: [35mvite:esbuild[39m
  File: [36mF:/Synapse QA/frontend/src/pages/SystemPage.js[39m:263:9
[33m  
  [33mThe symbol "Check" has already been declared[33m
  261|    );
  262|  }
  263|  import { Check, Code2, LayoutTemplate, Type } from "lucide-react";
     |           ^
  264|  import { useState } from "react";
  265|  
  
  [33mThe symbol "Code2" has already been declared[33m
  261|    );
  262|  }
  263|  import { Check, Code2, LayoutTemplate, Type } from "lucide-react";
     |                  ^
  264|  import { useState } from "react";
  265|  
  
  [33mThe symbol "LayoutTemplate" has already been declared[33m
  261|    );
  262|  }
  263|  import { Check, Code2, LayoutTemplate, Type } from "lucide-react";
     |                         ^
  264|  import { useState } from "react";
  265|  
  
  [33mThe symbol "Type" has already been declared[33m
  261|    );
  262|  }
  263|  import { Check, Code2, LayoutTemplate, Type } from "lucide-react";
     |                                         ^
  264|  import { useState } from "react";
  265|  
  
  [33mThe symbol "useState" has already been declared[33m
  262|  }
  263|  import { Check, Code2, LayoutTemplate, Type } from "lucide-react";
  264|  import { useState } from "react";
     |           ^
  265|  
  [39m
[2m15:10:10[22m [31m[1m[vite][22m[39m [31mInternal server error: Transform failed with 5 errors:
F:/Synapse QA/frontend/src/pages/SystemPage.js:263:9: ERROR: The symbol "Check" has already been declared
F:/Synapse QA/frontend/src/pages/SystemPage.js:263:16: ERROR: The symbol "Code2" has already been declared
F:/Synapse QA/frontend/src/pages/SystemPage.js:263:23: ERROR: The symbol "LayoutTemplate" has already been declared
F:/Synapse QA/frontend/src/pages/SystemPage.js:263:39: ERROR: The symbol "Type" has already been declared
F:/Synapse QA/frontend/src/pages/SystemPage.js:264:9: ERROR: The symbol "useState" has already been declared[39m
  Plugin: [35mvite:esbuild[39m
  File: [36mF:/Synapse QA/frontend/src/pages/SystemPage.js[39m:263:9
[33m  
  [33mThe symbol "Check" has already been declared[33m
  261|    );
  262|  }
  263|  import { Check, Code2, LayoutTemplate, Type } from "lucide-react";
     |           ^
  264|  import { useState } from "react";
  265|  
  
  [33mThe symbol "Code2" has already been declared[33m
  261|    );
  262|  }
  263|  import { Check, Code2, LayoutTemplate, Type } from "lucide-react";
     |                  ^
  264|  import { useState } from "react";
  265|  
  
  [33mThe symbol "LayoutTemplate" has already been declared[33m
  261|    );
  262|  }
  263|  import { Check, Code2, LayoutTemplate, Type } from "lucide-react";
     |                         ^
  264|  import { useState } from "react";
  265|  
  
  [33mThe symbol "Type" has already been declared[33m
  261|    );
  262|  }
  263|  import { Check, Code2, LayoutTemplate, Type } from "lucide-react";
     |                                         ^
  264|  import { useState } from "react";
  265|  
  
  [33mThe symbol "useState" has already been declared[33m
  262|  }
  263|  import { Check, Code2, LayoutTemplate, Type } from "lucide-react";
  264|  import { useState } from "react";
     |           ^
  265|  
  [39m
      at failureErrorWithLog (F:\Synapse QA\frontend\node_modules\esbuild\lib\main.js:1467:15)
      at F:\Synapse QA\frontend\node_modules\esbuild\lib\main.js:736:50
      at responseCallbacks.<computed> (F:\Synapse QA\frontend\node_modules\esbuild\lib\main.js:603:9)
      at handleIncomingPacket (F:\Synapse QA\frontend\node_modules\esbuild\lib\main.js:658:12)
      at Socket.readFromStdout (F:\Synapse QA\frontend\node_modules\esbuild\lib\main.js:581:7)
      at Socket.emit (node:events:508:28)
      at addChunk (node:internal/streams/readable:563:12)
      at readableAddChunkPushByteMode (node:internal/streams/readable:514:3)
      at Readable.push (node:internal/streams/readable:394:5)
      at Pipe.onStreamRead (node:internal/stream_base_commons:189:23)
[2m15:10:12[22m [31m[1m[vite][22m[39m [31mInternal server error: Transform failed with 5 errors:
F:/Synapse QA/frontend/src/pages/SystemPage.js:263:9: ERROR: The symbol "Check" has already been declared
F:/Synapse QA/frontend/src/pages/SystemPage.js:263:16: ERROR: The symbol "Code2" has already been declared
F:/Synapse QA/frontend/src/pages/SystemPage.js:263:23: ERROR: The symbol "LayoutTemplate" has already been declared
F:/Synapse QA/frontend/src/pages/SystemPage.js:263:39: ERROR: The symbol "Type" has already been declared
F:/Synapse QA/frontend/src/pages/SystemPage.js:264:9: ERROR: The symbol "useState" has already been declared[39m
  Plugin: [35mvite:esbuild[39m
  File: [36mF:/Synapse QA/frontend/src/pages/SystemPage.js[39m:263:9
[33m  
  [33mThe symbol "Check" has already been declared[33m
  261|    );
  262|  }
  263|  import { Check, Code2, LayoutTemplate, Type } from "lucide-react";
     |           ^
  264|  import { useState } from "react";
  265|  
  
  [33mThe symbol "Code2" has already been declared[33m
  261|    );
  262|  }
  263|  import { Check, Code2, LayoutTemplate, Type } from "lucide-react";
     |                  ^
  264|  import { useState } from "react";
  265|  
  
  [33mThe symbol "LayoutTemplate" has already been declared[33m
  261|    );
  262|  }
  263|  import { Check, Code2, LayoutTemplate, Type } from "lucide-react";
     |                         ^
  264|  import { useState } from "react";
  265|  
  
  [33mThe symbol "Type" has already been declared[33m
  261|    );
  262|  }
  263|  import { Check, Code2, LayoutTemplate, Type } from "lucide-react";
     |                                         ^
  264|  import { useState } from "react";
  265|  
  
  [33mThe symbol "useState" has already been declared[33m
  262|  }
  263|  import { Check, Code2, LayoutTemplate, Type } from "lucide-react";
  264|  import { useState } from "react";
     |           ^
  265|  
  [39m
      at failureErrorWithLog (F:\Synapse QA\frontend\node_modules\esbuild\lib\main.js:1467:15)
      at F:\Synapse QA\frontend\node_modules\esbuild\lib\main.js:736:50
      at responseCallbacks.<computed> (F:\Synapse QA\frontend\node_modules\esbuild\lib\main.js:603:9)
      at handleIncomingPacket (F:\Synapse QA\frontend\node_modules\esbuild\lib\main.js:658:12)
      at Socket.readFromStdout (F:\Synapse QA\frontend\node_modules\esbuild\lib\main.js:581:7)
      at Socket.emit (node:events:508:28)
      at addChunk (node:internal/streams/readable:563:12)
      at readableAddChunkPushByteMode (node:internal/streams/readable:514:3)
      at Readable.push (node:internal/streams/readable:394:5)
      at Pipe.onStreamRead (node:internal/stream_base_commons:189:23)
[2m15:10:53[22m [31m[1m[vite][22m[39m [31mInternal server error: Transform failed with 5 errors:
F:/Synapse QA/frontend/src/pages/SystemPage.js:263:9: ERROR: The symbol "Check" has already been declared
F:/Synapse QA/frontend/src/pages/SystemPage.js:263:16: ERROR: The symbol "Code2" has already been declared
F:/Synapse QA/frontend/src/pages/SystemPage.js:263:23: ERROR: The symbol "LayoutTemplate" has already been declared
F:/Synapse QA/frontend/src/pages/SystemPage.js:263:39: ERROR: The symbol "Type" has already been declared
F:/Synapse QA/frontend/src/pages/SystemPage.js:264:9: ERROR: The symbol "useState" has already been declared[39m
  Plugin: [35mvite:esbuild[39m
  File: [36mF:/Synapse QA/frontend/src/pages/SystemPage.js[39m:263:9
[33m  
  [33mThe symbol "Check" has already been declared[33m
  261|    );
  262|  }
  263|  import { Check, Code2, LayoutTemplate, Type } from "lucide-react";
     |           ^
  264|  import { useState } from "react";
  265|  
  
  [33mThe symbol "Code2" has already been declared[33m
  261|    );
  262|  }
  263|  import { Check, Code2, LayoutTemplate, Type } from "lucide-react";
     |                  ^
  264|  import { useState } from "react";
  265|  
  
  [33mThe symbol "LayoutTemplate" has already been declared[33m
  261|    );
  262|  }
  263|  import { Check, Code2, LayoutTemplate, Type } from "lucide-react";
     |                         ^
  264|  import { useState } from "react";
  265|  
  
  [33mThe symbol "Type" has already been declared[33m
  261|    );
  262|  }
  263|  import { Check, Code2, LayoutTemplate, Type } from "lucide-react";
     |                                         ^
  264|  import { useState } from "react";
  265|  
  
  [33mThe symbol "useState" has already been declared[33m
  262|  }
  263|  import { Check, Code2, LayoutTemplate, Type } from "lucide-react";
  264|  import { useState } from "react";
     |           ^
  265|  
  [39m
      at failureErrorWithLog (F:\Synapse QA\frontend\node_modules\esbuild\lib\main.js:1467:15)
      at F:\Synapse QA\frontend\node_modules\esbuild\lib\main.js:736:50
      at responseCallbacks.<computed> (F:\Synapse QA\frontend\node_modules\esbuild\lib\main.js:603:9)
      at handleIncomingPacket (F:\Synapse QA\frontend\node_modules\esbuild\lib\main.js:658:12)
      at Socket.readFromStdout (F:\Synapse QA\frontend\node_modules\esbuild\lib\main.js:581:7)
      at Socket.emit (node:events:508:28)
      at addChunk (node:internal/streams/readable:563:12)
      at readableAddChunkPushByteMode (node:internal/streams/readable:514:3)
      at Readable.push (node:internal/streams/readable:394:5)
      at Pipe.onStreamRead (node:internal/stream_base_commons:189:23)
[2m15:10:54[22m [31m[1m[vite][22m[39m [31mInternal server error: Transform failed with 5 errors:
F:/Synapse QA/frontend/src/pages/SystemPage.js:263:9: ERROR: The symbol "Check" has already been declared
F:/Synapse QA/frontend/src/pages/SystemPage.js:263:16: ERROR: The symbol "Code2" has already been declared
F:/Synapse QA/frontend/src/pages/SystemPage.js:263:23: ERROR: The symbol "LayoutTemplate" has already been declared
F:/Synapse QA/frontend/src/pages/SystemPage.js:263:39: ERROR: The symbol "Type" has already been declared
F:/Synapse QA/frontend/src/pages/SystemPage.js:264:9: ERROR: The symbol "useState" has already been declared[39m
  Plugin: [35mvite:esbuild[39m
  File: [36mF:/Synapse QA/frontend/src/pages/SystemPage.js[39m:263:9
[33m  
  [33mThe symbol "Check" has already been declared[33m
  261|    );
  262|  }
  263|  import { Check, Code2, LayoutTemplate, Type } from "lucide-react";
     |           ^
  264|  import { useState } from "react";
  265|  
  
  [33mThe symbol "Code2" has already been declared[33m
  261|    );
  262|  }
  263|  import { Check, Code2, LayoutTemplate, Type } from "lucide-react";
     |                  ^
  264|  import { useState } from "react";
  265|  
  
  [33mThe symbol "LayoutTemplate" has already been declared[33m
  261|    );
  262|  }
  263|  import { Check, Code2, LayoutTemplate, Type } from "lucide-react";
     |                         ^
  264|  import { useState } from "react";
  265|  
  
  [33mThe symbol "Type" has already been declared[33m
  261|    );
  262|  }
  263|  import { Check, Code2, LayoutTemplate, Type } from "lucide-react";
     |                                         ^
  264|  import { useState } from "react";
  265|  
  
  [33mThe symbol "useState" has already been declared[33m
  262|  }
  263|  import { Check, Code2, LayoutTemplate, Type } from "lucide-react";
  264|  import { useState } from "react";
     |           ^
  265|  
  [39m
      at failureErrorWithLog (F:\Synapse QA\frontend\node_modules\esbuild\lib\main.js:1467:15)
      at F:\Synapse QA\frontend\node_modules\esbuild\lib\main.js:736:50
      at responseCallbacks.<computed> (F:\Synapse QA\frontend\node_modules\esbuild\lib\main.js:603:9)
      at handleIncomingPacket (F:\Synapse QA\frontend\node_modules\esbuild\lib\main.js:658:12)
      at Socket.readFromStdout (F:\Synapse QA\frontend\node_modules\esbuild\lib\main.js:581:7)
      at Socket.emit (node:events:508:28)
      at addChunk (node:internal/streams/readable:563:12)
      at readableAddChunkPushByteMode (node:internal/streams/readable:514:3)
      at Readable.push (node:internal/streams/readable:394:5)
      at Pipe.onStreamRead (node:internal/stream_base_commons:189:23)
[2m15:59:34[22m [31m[1m[vite][22m[39m [31m[2m(client)[22m[39m Pre-transform error: Transform failed with 2 errors:
F:/Synapse QA/frontend/src/pages/SystemPage.js:339:4: ERROR: Top-level return cannot be used inside an ECMAScript module
F:/Synapse QA/frontend/src/pages/SystemPage.js:342:4: ERROR: Top-level return cannot be used inside an ECMAScript module
  Plugin: [35mvite:esbuild[39m
  File: [36mF:/Synapse QA/frontend/src/pages/SystemPage.js[39m:339:4
[33m  
  [33mTop-level return cannot be used inside an ECMAScript module[33m
  337|  }
  338|    if (section === "系统参数") {
  339|      return <SystemSettingsPage initialGroup="execution" />;
     |      ^
  340|    }
  341|    if (section === "通知配置") {
  
  [33mTop-level return cannot be used inside an ECMAScript module[33m
  340|    }
  341|    if (section === "通知配置") {
  342|      return <SystemSettingsPage initialGroup="notification" notificationOnly />;
     |      ^
  343|    }
  344|  
  [39m
[2m15:59:34[22m [31m[1m[vite][22m[39m [31mInternal server error: Transform failed with 2 errors:
F:/Synapse QA/frontend/src/pages/SystemPage.js:339:4: ERROR: Top-level return cannot be used inside an ECMAScript module
F:/Synapse QA/frontend/src/pages/SystemPage.js:342:4: ERROR: Top-level return cannot be used inside an ECMAScript module[39m
  Plugin: [35mvite:esbuild[39m
  File: [36mF:/Synapse QA/frontend/src/pages/SystemPage.js[39m:339:4
[33m  
  [33mTop-level return cannot be used inside an ECMAScript module[33m
  337|  }
  338|    if (section === "系统参数") {
  339|      return <SystemSettingsPage initialGroup="execution" />;
     |      ^
  340|    }
  341|    if (section === "通知配置") {
  
  [33mTop-level return cannot be used inside an ECMAScript module[33m
  340|    }
  341|    if (section === "通知配置") {
  342|      return <SystemSettingsPage initialGroup="notification" notificationOnly />;
     |      ^
  343|    }
  344|  
  [39m
      at failureErrorWithLog (F:\Synapse QA\frontend\node_modules\esbuild\lib\main.js:1467:15)
      at F:\Synapse QA\frontend\node_modules\esbuild\lib\main.js:736:50
      at responseCallbacks.<computed> (F:\Synapse QA\frontend\node_modules\esbuild\lib\main.js:603:9)
      at handleIncomingPacket (F:\Synapse QA\frontend\node_modules\esbuild\lib\main.js:658:12)
      at Socket.readFromStdout (F:\Synapse QA\frontend\node_modules\esbuild\lib\main.js:581:7)
      at Socket.emit (node:events:508:28)
      at addChunk (node:internal/streams/readable:563:12)
      at readableAddChunkPushByteMode (node:internal/streams/readable:514:3)
      at Readable.push (node:internal/streams/readable:394:5)
      at Pipe.onStreamRead (node:internal/stream_base_commons:189:23)
[2m14:27:14[22m [31m[1m[vite][22m[39m [31m[2m(client)[22m[39m Pre-transform error: Failed to resolve import "../pages/AIPage.js" from "src/routes/index.js". Does the file exist?
  Plugin: [35mvite:import-analysis[39m
  File: [36mF:/Synapse QA/frontend/src/routes/index.js[39m:8:23
[33m  6  |  import { APIAutomationPage } from "../pages/APIAutomationPage.js";
  7  |  import { DataFactoryPage } from "../pages/DataFactoryPage.js";
  8  |  import { AIPage } from "../pages/AIPage.js";
     |                          ^
  9  |  export const routes = [
  10 |    {[39m
[2m14:27:14[22m [31m[1m[vite][22m[39m [31mInternal server error: Failed to resolve import "../pages/AIPage.js" from "src/routes/index.js". Does the file exist?[39m
  Plugin: [35mvite:import-analysis[39m
  File: [36mF:/Synapse QA/frontend/src/routes/index.js[39m:8:23
[33m  6  |  import { APIAutomationPage } from "../pages/APIAutomationPage.js";
  7  |  import { DataFactoryPage } from "../pages/DataFactoryPage.js";
  8  |  import { AIPage } from "../pages/AIPage.js";
     |                          ^
  9  |  export const routes = [
  10 |    {[39m
      at TransformPluginContext._formatLog (file:///F:/Synapse%20QA/frontend/node_modules/vite/dist/node/chunks/dep-Dm0c1Wj2.js:42658:41)
      at TransformPluginContext.error (file:///F:/Synapse%20QA/frontend/node_modules/vite/dist/node/chunks/dep-Dm0c1Wj2.js:42655:16)
      at normalizeUrl (file:///F:/Synapse%20QA/frontend/node_modules/vite/dist/node/chunks/dep-Dm0c1Wj2.js:40634:23)
      at process.processTicksAndRejections (node:internal/process/task_queues:104:5)
      at async file:///F:/Synapse%20QA/frontend/node_modules/vite/dist/node/chunks/dep-Dm0c1Wj2.js:40753:37
      at async Promise.all (index 7)
      at async TransformPluginContext.transform (file:///F:/Synapse%20QA/frontend/node_modules/vite/dist/node/chunks/dep-Dm0c1Wj2.js:40680:7)
      at async EnvironmentPluginContainer.transform (file:///F:/Synapse%20QA/frontend/node_modules/vite/dist/node/chunks/dep-Dm0c1Wj2.js:42453:18)
      at async loadAndTransform (file:///F:/Synapse%20QA/frontend/node_modules/vite/dist/node/chunks/dep-Dm0c1Wj2.js:35845:27)
      at async viteTransformMiddleware (file:///F:/Synapse%20QA/frontend/node_modules/vite/dist/node/chunks/dep-Dm0c1Wj2.js:37369:24)
[2m14:27:32[22m [31m[1m[vite][22m[39m [31m[2m(client)[22m[39m Pre-transform error: Failed to resolve import "../pages/AIPage.js" from "src/routes/index.js". Does the file exist?
  Plugin: [35mvite:import-analysis[39m
  File: [36mF:/Synapse QA/frontend/src/routes/index.js[39m:8:23
[33m  6  |  import { APIAutomationPage } from "../pages/APIAutomationPage.js";
  7  |  import { DataFactoryPage } from "../pages/DataFactoryPage.js";
  8  |  import { AIPage } from "../pages/AIPage.js";
     |                          ^
  9  |  export const routes = [
  10 |    {[39m
[2m14:27:32[22m [31m[1m[vite][22m[39m [31mInternal server error: Failed to resolve import "../pages/AIPage.js" from "src/routes/index.js". Does the file exist?[39m
  Plugin: [35mvite:import-analysis[39m
  File: [36mF:/Synapse QA/frontend/src/routes/index.js[39m:8:23
[33m  6  |  import { APIAutomationPage } from "../pages/APIAutomationPage.js";
  7  |  import { DataFactoryPage } from "../pages/DataFactoryPage.js";
  8  |  import { AIPage } from "../pages/AIPage.js";
     |                          ^
  9  |  export const routes = [
  10 |    {[39m
      at TransformPluginContext._formatLog (file:///F:/Synapse%20QA/frontend/node_modules/vite/dist/node/chunks/dep-Dm0c1Wj2.js:42658:41)
      at TransformPluginContext.error (file:///F:/Synapse%20QA/frontend/node_modules/vite/dist/node/chunks/dep-Dm0c1Wj2.js:42655:16)
      at normalizeUrl (file:///F:/Synapse%20QA/frontend/node_modules/vite/dist/node/chunks/dep-Dm0c1Wj2.js:40634:23)
      at process.processTicksAndRejections (node:internal/process/task_queues:104:5)
      at async file:///F:/Synapse%20QA/frontend/node_modules/vite/dist/node/chunks/dep-Dm0c1Wj2.js:40753:37
      at async Promise.all (index 7)
      at async TransformPluginContext.transform (file:///F:/Synapse%20QA/frontend/node_modules/vite/dist/node/chunks/dep-Dm0c1Wj2.js:40680:7)
      at async EnvironmentPluginContainer.transform (file:///F:/Synapse%20QA/frontend/node_modules/vite/dist/node/chunks/dep-Dm0c1Wj2.js:42453:18)
      at async loadAndTransform (file:///F:/Synapse%20QA/frontend/node_modules/vite/dist/node/chunks/dep-Dm0c1Wj2.js:35845:27)
      at async viteTransformMiddleware (file:///F:/Synapse%20QA/frontend/node_modules/vite/dist/node/chunks/dep-Dm0c1Wj2.js:37369:24)
[2m14:27:33[22m [31m[1m[vite][22m[39m [31m[2m(client)[22m[39m Pre-transform error: Failed to resolve import "../pages/AIPage.js" from "src/routes/index.js". Does the file exist?
  Plugin: [35mvite:import-analysis[39m
  File: [36mF:/Synapse QA/frontend/src/routes/index.js[39m:8:23
[33m  6  |  import { APIAutomationPage } from "../pages/APIAutomationPage.js";
  7  |  import { DataFactoryPage } from "../pages/DataFactoryPage.js";
  8  |  import { AIPage } from "../pages/AIPage.js";
     |                          ^
  9  |  export const routes = [
  10 |    {[39m
[2m14:27:33[22m [31m[1m[vite][22m[39m [31mInternal server error: Failed to resolve import "../pages/AIPage.js" from "src/routes/index.js". Does the file exist?[39m
  Plugin: [35mvite:import-analysis[39m
  File: [36mF:/Synapse QA/frontend/src/routes/index.js[39m:8:23
[33m  6  |  import { APIAutomationPage } from "../pages/APIAutomationPage.js";
  7  |  import { DataFactoryPage } from "../pages/DataFactoryPage.js";
  8  |  import { AIPage } from "../pages/AIPage.js";
     |                          ^
  9  |  export const routes = [
  10 |    {[39m
      at TransformPluginContext._formatLog (file:///F:/Synapse%20QA/frontend/node_modules/vite/dist/node/chunks/dep-Dm0c1Wj2.js:42658:41)
      at TransformPluginContext.error (file:///F:/Synapse%20QA/frontend/node_modules/vite/dist/node/chunks/dep-Dm0c1Wj2.js:42655:16)
      at normalizeUrl (file:///F:/Synapse%20QA/frontend/node_modules/vite/dist/node/chunks/dep-Dm0c1Wj2.js:40634:23)
      at process.processTicksAndRejections (node:internal/process/task_queues:104:5)
      at async file:///F:/Synapse%20QA/frontend/node_modules/vite/dist/node/chunks/dep-Dm0c1Wj2.js:40753:37
      at async Promise.all (index 7)
      at async TransformPluginContext.transform (file:///F:/Synapse%20QA/frontend/node_modules/vite/dist/node/chunks/dep-Dm0c1Wj2.js:40680:7)
      at async EnvironmentPluginContainer.transform (file:///F:/Synapse%20QA/frontend/node_modules/vite/dist/node/chunks/dep-Dm0c1Wj2.js:42453:18)
      at async loadAndTransform (file:///F:/Synapse%20QA/frontend/node_modules/vite/dist/node/chunks/dep-Dm0c1Wj2.js:35845:27)
      at async viteTransformMiddleware (file:///F:/Synapse%20QA/frontend/node_modules/vite/dist/node/chunks/dep-Dm0c1Wj2.js:37369:24)
[2m14:27:43[22m [31m[1m[vite][22m[39m [31m[2m(client)[22m[39m Pre-transform error: Failed to resolve import "../pages/AIPage.js" from "src/routes/index.js". Does the file exist?
  Plugin: [35mvite:import-analysis[39m
  File: [36mF:/Synapse QA/frontend/src/routes/index.js[39m:8:23
[33m  6  |  import { APIAutomationPage } from "../pages/APIAutomationPage.js";
  7  |  import { DataFactoryPage } from "../pages/DataFactoryPage.js";
  8  |  import { AIPage } from "../pages/AIPage.js";
     |                          ^
  9  |  export const routes = [
  10 |    {[39m
[2m14:27:43[22m [31m[1m[vite][22m[39m [31mInternal server error: Failed to resolve import "../pages/AIPage.js" from "src/routes/index.js". Does the file exist?[39m
  Plugin: [35mvite:import-analysis[39m
  File: [36mF:/Synapse QA/frontend/src/routes/index.js[39m:8:23
[33m  6  |  import { APIAutomationPage } from "../pages/APIAutomationPage.js";
  7  |  import { DataFactoryPage } from "../pages/DataFactoryPage.js";
  8  |  import { AIPage } from "../pages/AIPage.js";
     |                          ^
  9  |  export const routes = [
  10 |    {[39m
      at TransformPluginContext._formatLog (file:///F:/Synapse%20QA/frontend/node_modules/vite/dist/node/chunks/dep-Dm0c1Wj2.js:42658:41)
      at TransformPluginContext.error (file:///F:/Synapse%20QA/frontend/node_modules/vite/dist/node/chunks/dep-Dm0c1Wj2.js:42655:16)
      at normalizeUrl (file:///F:/Synapse%20QA/frontend/node_modules/vite/dist/node/chunks/dep-Dm0c1Wj2.js:40634:23)
      at process.processTicksAndRejections (node:internal/process/task_queues:104:5)
      at async file:///F:/Synapse%20QA/frontend/node_modules/vite/dist/node/chunks/dep-Dm0c1Wj2.js:40753:37
      at async Promise.all (index 7)
      at async TransformPluginContext.transform (file:///F:/Synapse%20QA/frontend/node_modules/vite/dist/node/chunks/dep-Dm0c1Wj2.js:40680:7)
      at async EnvironmentPluginContainer.transform (file:///F:/Synapse%20QA/frontend/node_modules/vite/dist/node/chunks/dep-Dm0c1Wj2.js:42453:18)
      at async loadAndTransform (file:///F:/Synapse%20QA/frontend/node_modules/vite/dist/node/chunks/dep-Dm0c1Wj2.js:35845:27)
      at async viteTransformMiddleware (file:///F:/Synapse%20QA/frontend/node_modules/vite/dist/node/chunks/dep-Dm0c1Wj2.js:37369:24)
[2m14:27:51[22m [31m[1m[vite][22m[39m [31m[2m(client)[22m[39m Pre-transform error: Failed to resolve import "../pages/AIPage.js" from "src/routes/index.js". Does the file exist?
  Plugin: [35mvite:import-analysis[39m
  File: [36mF:/Synapse QA/frontend/src/routes/index.js[39m:8:23
[33m  6  |  import { APIAutomationPage } from "../pages/APIAutomationPage.js";
  7  |  import { DataFactoryPage } from "../pages/DataFactoryPage.js";
  8  |  import { AIPage } from "../pages/AIPage.js";
     |                          ^
  9  |  export const routes = [
  10 |    {[39m
[2m14:27:51[22m [31m[1m[vite][22m[39m [31mInternal server error: Failed to resolve import "../pages/AIPage.js" from "src/routes/index.js". Does the file exist?[39m
  Plugin: [35mvite:import-analysis[39m
  File: [36mF:/Synapse QA/frontend/src/routes/index.js[39m:8:23
[33m  6  |  import { APIAutomationPage } from "../pages/APIAutomationPage.js";
  7  |  import { DataFactoryPage } from "../pages/DataFactoryPage.js";
  8  |  import { AIPage } from "../pages/AIPage.js";
     |                          ^
  9  |  export const routes = [
  10 |    {[39m
      at TransformPluginContext._formatLog (file:///F:/Synapse%20QA/frontend/node_modules/vite/dist/node/chunks/dep-Dm0c1Wj2.js:42658:41)
      at TransformPluginContext.error (file:///F:/Synapse%20QA/frontend/node_modules/vite/dist/node/chunks/dep-Dm0c1Wj2.js:42655:16)
      at normalizeUrl (file:///F:/Synapse%20QA/frontend/node_modules/vite/dist/node/chunks/dep-Dm0c1Wj2.js:40634:23)
      at process.processTicksAndRejections (node:internal/process/task_queues:104:5)
      at async file:///F:/Synapse%20QA/frontend/node_modules/vite/dist/node/chunks/dep-Dm0c1Wj2.js:40753:37
      at async Promise.all (index 7)
      at async TransformPluginContext.transform (file:///F:/Synapse%20QA/frontend/node_modules/vite/dist/node/chunks/dep-Dm0c1Wj2.js:40680:7)
      at async EnvironmentPluginContainer.transform (file:///F:/Synapse%20QA/frontend/node_modules/vite/dist/node/chunks/dep-Dm0c1Wj2.js:42453:18)
      at async loadAndTransform (file:///F:/Synapse%20QA/frontend/node_modules/vite/dist/node/chunks/dep-Dm0c1Wj2.js:35845:27)
      at async viteTransformMiddleware (file:///F:/Synapse%20QA/frontend/node_modules/vite/dist/node/chunks/dep-Dm0c1Wj2.js:37369:24)
[2m14:28:00[22m [31m[1m[vite][22m[39m [31m[2m(client)[22m[39m Pre-transform error: Failed to resolve import "../pages/AIPage.js" from "src/routes/index.js". Does the file exist?
  Plugin: [35mvite:import-analysis[39m
  File: [36mF:/Synapse QA/frontend/src/routes/index.js[39m:8:23
[33m  6  |  import { APIAutomationPage } from "../pages/APIAutomationPage.js";
  7  |  import { DataFactoryPage } from "../pages/DataFactoryPage.js";
  8  |  import { AIPage } from "../pages/AIPage.js";
     |                          ^
  9  |  export const routes = [
  10 |    {[39m
[2m14:28:00[22m [31m[1m[vite][22m[39m [31mInternal server error: Failed to resolve import "../pages/AIPage.js" from "src/routes/index.js". Does the file exist?[39m
  Plugin: [35mvite:import-analysis[39m
  File: [36mF:/Synapse QA/frontend/src/routes/index.js[39m:8:23
[33m  6  |  import { APIAutomationPage } from "../pages/APIAutomationPage.js";
  7  |  import { DataFactoryPage } from "../pages/DataFactoryPage.js";
  8  |  import { AIPage } from "../pages/AIPage.js";
     |                          ^
  9  |  export const routes = [
  10 |    {[39m
      at TransformPluginContext._formatLog (file:///F:/Synapse%20QA/frontend/node_modules/vite/dist/node/chunks/dep-Dm0c1Wj2.js:42658:41)
      at TransformPluginContext.error (file:///F:/Synapse%20QA/frontend/node_modules/vite/dist/node/chunks/dep-Dm0c1Wj2.js:42655:16)
      at normalizeUrl (file:///F:/Synapse%20QA/frontend/node_modules/vite/dist/node/chunks/dep-Dm0c1Wj2.js:40634:23)
      at process.processTicksAndRejections (node:internal/process/task_queues:104:5)
      at async file:///F:/Synapse%20QA/frontend/node_modules/vite/dist/node/chunks/dep-Dm0c1Wj2.js:40753:37
      at async Promise.all (index 7)
      at async TransformPluginContext.transform (file:///F:/Synapse%20QA/frontend/node_modules/vite/dist/node/chunks/dep-Dm0c1Wj2.js:40680:7)
      at async EnvironmentPluginContainer.transform (file:///F:/Synapse%20QA/frontend/node_modules/vite/dist/node/chunks/dep-Dm0c1Wj2.js:42453:18)
      at async loadAndTransform (file:///F:/Synapse%20QA/frontend/node_modules/vite/dist/node/chunks/dep-Dm0c1Wj2.js:35845:27)
      at async viteTransformMiddleware (file:///F:/Synapse%20QA/frontend/node_modules/vite/dist/node/chunks/dep-Dm0c1Wj2.js:37369:24)
